[1;32m# [0m[1;32mQuotes[0m

This quote [1m[1;37mshould[0m wrap: “Two things are
infinite: the universe and human
stupidity; and I'm not sure about the
universe.” / Einstein

[3m[34m"The fool doth think he is wise, but the[0m
[3m[34mwise man knows himself to be a fool."[0m
// Shakespeare

[3m[34m"Again, it might act upon other things[0m
[3m[34mbesides number, were objects found whose[0m
[3m[34mmutual fundamental relations could be[0m
[3m[34mexpressed by those of the abstract science[0m
[3m[34mof operations, and which should be also[0m
[3m[34msusceptible of adaptations to the action[0m
[3m[34mof the operating notation and mechanism of[0m
[3m[34mthe engine. Supposing, for instance, that[0m
[3m[34mthe fundamental relations of pitched[0m
[3m[34msounds in the science of harmony and of[0m
[3m[34mmusical composition were susceptible of[0m
[3m[34msuch expression and adaptations, the[0m
[3m[34mengine might compose elaborate and[0m
[3m[34mscientific pieces of music of any degree[0m
[3m[34mof complexity or extent."[0m

// Ada Lovelace, "Sketch of The Analytical
Engine Invented by Charles Babbage" 1843.
