[1;32m# [0m[1;32mQuotes[0m

This quote [1m[1;37mshould[0m wrap: “Two things are infinite: the universe and human
stupidity; and I'm not sure about the universe.” / Einstein

[3m[34m"The fool doth think he is wise, but the wise man knows himself to be a fool."[0m
// Shakespeare

[3m[34m"Again, it might act upon other things besides number, were objects found whose[0m
[3m[34mmutual fundamental relations could be expressed by those of the abstract science[0m
[3m[34mof operations, and which should be also susceptible of adaptations to the action[0m
[3m[34mof the operating notation and mechanism of the engine. Supposing, for instance,[0m
[3m[34mthat the fundamental relations of pitched sounds in the science of harmony and[0m
[3m[34mof musical composition were susceptible of such expression and adaptations, the[0m
[3m[34mengine might compose elaborate and scientific pieces of music of any degree of[0m
[3m[34mcomplexity or extent."[0m

// Ada Lovelace, "Sketch of The Analytical Engine Invented by Charles Babbage"
1843.
