[1;32m# [0m[1;32mQuotes[0m

This quote [1m[1;37mshould[0m wrap: “Two things are infinite:
the universe and human stupidity; and I'm not sure
about the universe.” / Einstein

[3m[34m"The fool doth think he is wise, but the wise man[0m
[3m[34mknows himself to be a fool."[0m // Shakespeare

[3m[34m"Again, it might act upon other things besides[0m
[3m[34mnumber, were objects found whose mutual[0m
[3m[34mfundamental relations could be expressed by those[0m
[3m[34mof the abstract science of operations, and which[0m
[3m[34mshould be also susceptible of adaptations to the[0m
[3m[34maction of the operating notation and mechanism of[0m
[3m[34mthe engine. Supposing, for instance, that the[0m
[3m[34mfundamental relations of pitched sounds in the[0m
[3m[34mscience of harmony and of musical composition were[0m
[3m[34msusceptible of such expression and adaptations,[0m
[3m[34mthe engine might compose elaborate and scientific[0m
[3m[34mpieces of music of any degree of complexity or[0m
[3m[34mextent."[0m

// Ada Lovelace, "Sketch of The Analytical Engine
Invented by Charles Babbage" 1843.
