[1;32m# [0m[1;32mQuotes[0m

This quote [1m[1;37mshould[0m wrap: “Two things are
infinite: the universe and human
stupidity; and I'm not sure about the
universe.” / Einstein

[3m[34m"The fool doth think he is wise, but[0m
[3m[34mthe wise man knows himself to be a[0m
[3m[34mfool."[0m // Shakespeare

[3m[34m"Again, it might act upon other things[0m
[3m[34mbesides number, were objects found[0m
[3m[34mwhose mutual fundamental relations[0m
[3m[34mcould be expressed by those of the[0m
[3m[34mabstract science of operations, and[0m
[3m[34mwhich should be also susceptible of[0m
[3m[34madaptations to the action of the[0m
[3m[34moperating notation and mechanism of the[0m
[3m[34mengine. Supposing, for instance, that[0m
[3m[34mthe fundamental relations of pitched[0m
[3m[34msounds in the science of harmony and of[0m
[3m[34mmusical composition were susceptible of[0m
[3m[34msuch expression and adaptations, the[0m
[3m[34mengine might compose elaborate and[0m
[3m[34mscientific pieces of music of any[0m
[3m[34mdegree of complexity or extent."[0m

// Ada Lovelace, "Sketch of The
Analytical Engine Invented by Charles
Babbage" 1843.
