[1;32m# [0m[1;32mQuotes[0m

This quote [1m[1;37mshould[0m wrap: “Two things are infinite: the universe and human stupidity; and
I'm not sure about the universe.” / Einstein

[3m[34m"The fool doth think he is wise, but the wise man knows himself to be a fool."[0m
// Shakespeare

[3m[34m"Again, it might act upon other things besides number, were objects found whose mutual[0m
[3m[34mfundamental relations could be expressed by those of the abstract science of operations,[0m
[3m[34mand which should be also susceptible of adaptations to the action of the operating[0m
[3m[34mnotation and mechanism of the engine. Supposing, for instance, that the fundamental[0m
[3m[34mrelations of pitched sounds in the science of harmony and of musical composition were[0m
[3m[34msusceptible of such expression and adaptations, the engine might compose elaborate and[0m
[3m[34mscientific pieces of music of any degree of complexity or extent."[0m

// Ada Lovelace, "Sketch of The Analytical Engine Invented by Charles Babbage" 1843.
