[1;32m# [0m[1;32mQuotes[0m

This quote [1m[1;37mshould[0m wrap: “Two things are infinite: the universe and
human stupidity; and I'm not sure about the universe.” / Einstein

[3m[34m"The fool doth think he is wise, but the wise man knows himself to be[0m
[3m[34ma fool."[0m // Shakespeare

[3m[34m"Again, it might act upon other things besides number, were objects[0m
[3m[34mfound whose mutual fundamental relations could be expressed by those[0m
[3m[34mof the abstract science of operations, and which should be also[0m
[3m[34msusceptible of adaptations to the action of the operating notation and[0m
[3m[34mmechanism of the engine. Supposing, for instance, that the fundamental[0m
[3m[34mrelations of pitched sounds in the science of harmony and of musical[0m
[3m[34mcomposition were susceptible of such expression and adaptations, the[0m
[3m[34mengine might compose elaborate and scientific pieces of music of any[0m
[3m[34mdegree of complexity or extent."[0m

// Ada Lovelace, "Sketch of The Analytical Engine Invented by Charles
Babbage" 1843.
